[ 2026-01-13 09:00:11,510 ] 1025 httpx - INFO - HTTP Request: GET https://dagshub.com/api/v1/user "HTTP/1.1 200 OK"
[ 2026-01-13 09:00:11,519 ] 107 dagshub - INFO - Accessing as Adityasingh9369
[ 2026-01-13 09:00:12,453 ] 1025 httpx - INFO - HTTP Request: GET https://dagshub.com/api/v1/repos/Adityasingh9369/networksecurity "HTTP/1.1 200 OK"
[ 2026-01-13 09:00:13,376 ] 1025 httpx - INFO - HTTP Request: GET https://dagshub.com/api/v1/user "HTTP/1.1 200 OK"
[ 2026-01-13 09:00:13,379 ] 107 dagshub - INFO - Initialized MLflow to track repo "Adityasingh9369/networksecurity"
[ 2026-01-13 09:00:13,380 ] 107 dagshub - INFO - Repository Adityasingh9369/networksecurity initialized!
[ 2026-01-13 09:00:13,380 ] 20 root - INFO - Initiate the data ingestion
[ 2026-01-13 09:00:15,127 ] 64 root - INFO - Performed train test split on the dataframe
[ 2026-01-13 09:00:15,127 ] 66 root - INFO - Exited split_data_as_train_test method of Data_Ingestion class
[ 2026-01-13 09:00:15,127 ] 74 root - INFO - Exporting train and test file path.
[ 2026-01-13 09:00:15,152 ] 83 root - INFO - Exported train and test file path.
[ 2026-01-13 09:00:15,152 ] 22 root - INFO - Data Initiation Completed
[ 2026-01-13 09:00:15,155 ] 26 root - INFO - Initiate the data Validation
[ 2026-01-13 09:00:15,164 ] 32 root - INFO - Required number of columns:2
[ 2026-01-13 09:00:15,164 ] 33 root - INFO - Data frame has columns:31
[ 2026-01-13 09:00:15,164 ] 32 root - INFO - Required number of columns:2
[ 2026-01-13 09:00:15,164 ] 33 root - INFO - Data frame has columns:31
[ 2026-01-13 09:00:15,230 ] 28 root - INFO - data Validation Completed
[ 2026-01-13 09:00:15,230 ] 31 root - INFO - data Transformation started
[ 2026-01-13 09:00:15,230 ] 61 root - INFO - Entered initiate_data_transformation method of DataTransformation class
[ 2026-01-13 09:00:15,230 ] 63 root - INFO - Starting data transformation
[ 2026-01-13 09:00:15,237 ] 47 root - INFO - Entered get_data_trnasformer_object method of Trnasformation class
[ 2026-01-13 09:00:15,237 ] 52 root - INFO - Initialise KNNImputer with {'missing_values': nan, 'n_neighbors': 3, 'weights': 'uniform'}
[ 2026-01-13 09:00:15,241 ] 46 root - INFO - Entered the save_object method of MainUtils class
[ 2026-01-13 09:00:15,243 ] 50 root - INFO - Exited the save_object method of MainUtils class
[ 2026-01-13 09:00:15,243 ] 46 root - INFO - Entered the save_object method of MainUtils class
[ 2026-01-13 09:00:15,244 ] 50 root - INFO - Exited the save_object method of MainUtils class
[ 2026-01-13 09:00:15,244 ] 35 root - INFO - data Transformation completed
[ 2026-01-13 09:00:15,244 ] 37 root - INFO - Model Training stared
