[ 2026-01-13 09:06:39,320 ] 1025 httpx - INFO - HTTP Request: GET https://dagshub.com/api/v1/user "HTTP/1.1 200 OK"
[ 2026-01-13 09:06:39,330 ] 107 dagshub - INFO - Accessing as Adityasingh9369
[ 2026-01-13 09:06:40,448 ] 1025 httpx - INFO - HTTP Request: GET https://dagshub.com/api/v1/repos/Adityasingh9369/networksecurity "HTTP/1.1 200 OK"
[ 2026-01-13 09:06:41,350 ] 1025 httpx - INFO - HTTP Request: GET https://dagshub.com/api/v1/user "HTTP/1.1 200 OK"
[ 2026-01-13 09:06:41,354 ] 107 dagshub - INFO - Initialized MLflow to track repo "Adityasingh9369/networksecurity"
[ 2026-01-13 09:06:41,354 ] 107 dagshub - INFO - Repository Adityasingh9369/networksecurity initialized!
[ 2026-01-13 09:06:41,355 ] 20 root - INFO - Initiate the data ingestion
[ 2026-01-13 09:06:43,487 ] 64 root - INFO - Performed train test split on the dataframe
[ 2026-01-13 09:06:43,487 ] 66 root - INFO - Exited split_data_as_train_test method of Data_Ingestion class
[ 2026-01-13 09:06:43,487 ] 74 root - INFO - Exporting train and test file path.
[ 2026-01-13 09:06:43,511 ] 83 root - INFO - Exported train and test file path.
[ 2026-01-13 09:06:43,511 ] 22 root - INFO - Data Initiation Completed
[ 2026-01-13 09:06:43,513 ] 26 root - INFO - Initiate the data Validation
[ 2026-01-13 09:06:43,521 ] 32 root - INFO - Required number of columns:2
[ 2026-01-13 09:06:43,521 ] 33 root - INFO - Data frame has columns:31
[ 2026-01-13 09:06:43,521 ] 32 root - INFO - Required number of columns:2
[ 2026-01-13 09:06:43,521 ] 33 root - INFO - Data frame has columns:31
[ 2026-01-13 09:06:43,581 ] 28 root - INFO - data Validation Completed
[ 2026-01-13 09:06:43,581 ] 31 root - INFO - data Transformation started
[ 2026-01-13 09:06:43,581 ] 61 root - INFO - Entered initiate_data_transformation method of DataTransformation class
[ 2026-01-13 09:06:43,581 ] 63 root - INFO - Starting data transformation
[ 2026-01-13 09:06:43,588 ] 47 root - INFO - Entered get_data_trnasformer_object method of Trnasformation class
[ 2026-01-13 09:06:43,588 ] 52 root - INFO - Initialise KNNImputer with {'missing_values': nan, 'n_neighbors': 3, 'weights': 'uniform'}
[ 2026-01-13 09:06:43,592 ] 46 root - INFO - Entered the save_object method of MainUtils class
[ 2026-01-13 09:06:43,593 ] 50 root - INFO - Exited the save_object method of MainUtils class
[ 2026-01-13 09:06:43,593 ] 46 root - INFO - Entered the save_object method of MainUtils class
[ 2026-01-13 09:06:43,594 ] 50 root - INFO - Exited the save_object method of MainUtils class
[ 2026-01-13 09:06:43,594 ] 35 root - INFO - data Transformation completed
[ 2026-01-13 09:06:43,594 ] 37 root - INFO - Model Training stared
[ 2026-01-13 09:08:44,800 ] 46 root - INFO - Entered the save_object method of MainUtils class
[ 2026-01-13 09:08:44,801 ] 50 root - INFO - Exited the save_object method of MainUtils class
[ 2026-01-13 09:08:44,801 ] 46 root - INFO - Entered the save_object method of MainUtils class
[ 2026-01-13 09:08:44,832 ] 50 root - INFO - Exited the save_object method of MainUtils class
[ 2026-01-13 09:08:44,833 ] 134 root - INFO - Model trainer artifact: ModelTrainerArtifact(trained_model_file_path='Artifacts/01_13_2026_09_06_37/model_trainer/trained_model/model.pkl', train_metric_artifact=ClassificationMetricArtifact(accuracy=0.9902758932609679, f1_score=0.9912937841668354, precision_score=0.9880928355196771, recall_score=0.9945155393053017), test_metric_artifact=ClassificationMetricArtifact(accuracy=0.9728629579375848, f1_score=0.975825946817083, precision_score=0.9703525641025641, recall_score=0.9813614262560778))
[ 2026-01-13 09:08:44,835 ] 42 root - INFO - Model Training artifact created
