[ 2026-01-13 08:51:46,023 ] 1025 httpx - INFO - HTTP Request: GET https://dagshub.com/api/v1/user "HTTP/1.1 200 OK"
[ 2026-01-13 08:51:46,030 ] 107 dagshub - INFO - Accessing as Adityasingh9369
[ 2026-01-13 08:51:47,254 ] 1025 httpx - INFO - HTTP Request: GET https://dagshub.com/api/v1/repos/Adityasingh9369/networksecurity "HTTP/1.1 200 OK"
[ 2026-01-13 08:51:48,089 ] 1025 httpx - INFO - HTTP Request: GET https://dagshub.com/api/v1/user "HTTP/1.1 200 OK"
[ 2026-01-13 08:51:48,092 ] 107 dagshub - INFO - Initialized MLflow to track repo "Adityasingh9369/networksecurity"
[ 2026-01-13 08:51:48,093 ] 107 dagshub - INFO - Repository Adityasingh9369/networksecurity initialized!
[ 2026-01-13 08:51:48,093 ] 20 root - INFO - Initiate the data ingestion
[ 2026-01-13 08:51:50,181 ] 64 root - INFO - Performed train test split on the dataframe
[ 2026-01-13 08:51:50,181 ] 66 root - INFO - Exited split_data_as_train_test method of Data_Ingestion class
[ 2026-01-13 08:51:50,181 ] 74 root - INFO - Exporting train and test file path.
[ 2026-01-13 08:51:50,204 ] 83 root - INFO - Exported train and test file path.
[ 2026-01-13 08:51:50,204 ] 22 root - INFO - Data Initiation Completed
[ 2026-01-13 08:51:50,207 ] 26 root - INFO - Initiate the data Validation
[ 2026-01-13 08:51:50,216 ] 32 root - INFO - Required number of columns:2
[ 2026-01-13 08:51:50,216 ] 33 root - INFO - Data frame has columns:31
[ 2026-01-13 08:51:50,216 ] 32 root - INFO - Required number of columns:2
[ 2026-01-13 08:51:50,216 ] 33 root - INFO - Data frame has columns:31
[ 2026-01-13 08:51:50,293 ] 28 root - INFO - data Validation Completed
[ 2026-01-13 08:51:50,293 ] 31 root - INFO - data Transformation started
[ 2026-01-13 08:51:50,293 ] 61 root - INFO - Entered initiate_data_transformation method of DataTransformation class
[ 2026-01-13 08:51:50,293 ] 63 root - INFO - Starting data transformation
[ 2026-01-13 08:51:50,301 ] 47 root - INFO - Entered get_data_trnasformer_object method of Trnasformation class
[ 2026-01-13 08:51:50,301 ] 52 root - INFO - Initialise KNNImputer with {'missing_values': nan, 'n_neighbors': 3, 'weights': 'uniform'}
[ 2026-01-13 08:51:50,304 ] 46 root - INFO - Entered the save_object method of MainUtils class
[ 2026-01-13 08:51:50,306 ] 50 root - INFO - Exited the save_object method of MainUtils class
[ 2026-01-13 08:51:50,306 ] 46 root - INFO - Entered the save_object method of MainUtils class
[ 2026-01-13 08:51:50,308 ] 50 root - INFO - Exited the save_object method of MainUtils class
[ 2026-01-13 08:51:50,309 ] 35 root - INFO - data Transformation completed
[ 2026-01-13 08:51:50,309 ] 37 root - INFO - Model Training stared
[ 2026-01-13 08:53:42,513 ] 46 root - INFO - Entered the save_object method of MainUtils class
[ 2026-01-13 08:53:42,514 ] 50 root - INFO - Exited the save_object method of MainUtils class
[ 2026-01-13 08:53:42,514 ] 46 root - INFO - Entered the save_object method of MainUtils class
[ 2026-01-13 08:53:42,526 ] 50 root - INFO - Exited the save_object method of MainUtils class
[ 2026-01-13 08:53:42,526 ] 138 root - INFO - Model trainer artifact: ModelTrainerArtifact(trained_model_file_path='Artifacts/01_13_2026_08_51_42/model_trainer/trained_model/model.pkl', train_metric_artifact=ClassificationMetricArtifact(f1_score=0.9909745461920698, precision_score=0.9888686500708359, recall_score=0.9930894308943089), test_metric_artifact=ClassificationMetricArtifact(f1_score=0.9706709521896344, precision_score=0.9648562300319489, recall_score=0.9765561843168957))
[ 2026-01-13 08:53:42,527 ] 42 root - INFO - Model Training artifact created
